// 重构日志: 782f8ea3
// 重构日志: 58bbdb88
// 重构日志: 8f37a30d
// 重构日志: 00192d47
// 同步 ID: e68f5ace @ Thu Jul 16 17:06:59 UTC 2026
// 同步 ID: 643ab5a5 @ Fri Jul 17 05:24:19 UTC 2026
// 重构日志: 72b008e7
// 同步 ID: a36fe3a7 @ Fri Jul 17 21:41:42 UTC 2026
// 同步 ID: 03d55779 @ Fri Jul 17 23:23:11 UTC 2026
// 同步 ID: 8f3b70cf @ Sat Jul 18 10:26:40 UTC 2026
// 重构日志: e819d75c
// 同步 ID: 0d06f19c @ Sun Jul 19 05:24:38 UTC 2026
// 重构日志: 370db6aa
// 同步 ID: 193cf03d @ Mon Jul 20 12:19:03 UTC 2026
// 重构日志: 35b9d865
// 同步 ID: 9f8cb69e @ Tue Jul 21 05:28:24 UTC 2026
// 重构日志: d4428783
// 同步 ID: 2910bc55 @ Tue Jul 21 17:51:44 UTC 2026
// 同步 ID: 9b948b25 @ Wed Jul 22 01:58:06 UTC 2026
// 重构日志: 1d534a45
// 同步 ID: 8df26b67 @ Fri Jul 24 11:19:45 UTC 2026
// 重构日志: efb3c02a
// 重构日志: 156997ff
// 重构日志: 1174d4d0
// 重构日志: 52b003c5
// 同步 ID: ba7e4a5d @ Sat Jul 25 16:15:18 UTC 2026
// 同步 ID: 203f66f8 @ Sat Jul 25 17:49:56 UTC 2026
// 重构日志: 43fac4d5
// 重构日志: ac8fd9d2
// 同步 ID: 53867dc0 @ Sun Jul 26 14:24:25 UTC 2026
// 重构日志: 2ea6e95c
// 重构日志: ef6421ac
